ProgramNode @1:1
  DeclAndAssignNode @1:1 (modifier: mutable, mutable: true, type: i32, name: x)
    ValueNode @1:10 (INT: 1)
  IfNode @2:1
    Condition
      BinOpNode @2:5 (op: ==)
        ValueNode @2:3 (ID: x)
        ValueNode @2:7 (INT: 1)
    Then
      IfNode @4:3
        Condition
          BinOpNode @4:7 (op: !=)
            ValueNode @4:5 (ID: x)
            ValueNode @4:9 (INT: 2)
        Then
          AssignmentNode @6:5 (name: x)
            ValueNode @6:10 (INT: 3)
        Else
          AssignmentNode @10:5 (name: x)
            ValueNode @10:10 (INT: 4)
    Else
      IfNode @15:3
        Condition
          ValueNode @15:5 (BOOL: true)
        Then
          AssignmentNode @17:5 (name: x)
            ValueNode @17:10 (INT: 5)
